// Jest Snapshot v1, https://goo.gl/fbAQLP

exports[`DeviceDashboard renders 1`] = `
<StaticRouter
  context={Object {}}
  location="someLocation"
>
  <Router
    history={
      Object {
        "action": "POP",
        "block": [Function],
        "createHref": [Function],
        "go": [Function],
        "goBack": [Function],
        "goForward": [Function],
        "listen": [Function],
        "location": Object {
          "hash": "",
          "pathname": "someLocation",
          "search": "",
          "state": undefined,
        },
        "push": [Function],
        "replace": [Function],
      }
    }
    staticContext={Object {}}
  >
    <DeviceDashboard
      devices={
        Object {
          "all": Array [
            Object {
              "external_id": "some-device-id",
              "parent": Object {
                "external_id": "some-parent-id",
              },
              "type": "node",
            },
            Object {
              "external_id": "some-other-device-id",
              "parent": Object {
                "external_id": "some-parent-id",
              },
              "type": "node",
            },
          ],
        }
      }
      url="some-url"
    >
      <div>
        <styled.section
          data-cy="dashboard-container-e2e-test"
          id="dashboard"
        >
          <section
            className="sc-AxjAm kVNstd"
            data-cy="dashboard-container-e2e-test"
            id="dashboard"
          >
            <styled.div>
              <div
                className="sc-AxirZ capdIT"
              >
                <styled.div>
                  <div
                    className="sc-AxiKw hYfNUb"
                  >
                    <div>
                      <div>
                        <div
                          className="device-list-columns"
                        >
                          <span>
                            Device Id
                          </span>
                          <span>
                            Edge Device Id
                          </span>
                        </div>
                        <div>
                          <Link
                            className="device-list-item"
                            key="some-device-id"
                            to="some-url/some-device-id"
                          >
                            <LinkAnchor
                              className="device-list-item"
                              href="/some-url/some-device-id"
                              navigate={[Function]}
                            >
                              <a
                                className="device-list-item"
                                href="/some-url/some-device-id"
                                onClick={[Function]}
                              >
                                <span>
                                  some-device-id
                                </span>
                                <span>
                                  some-parent-id
                                </span>
                              </a>
                            </LinkAnchor>
                          </Link>
                          <Link
                            className="device-list-item"
                            key="some-other-device-id"
                            to="some-url/some-other-device-id"
                          >
                            <LinkAnchor
                              className="device-list-item"
                              href="/some-url/some-other-device-id"
                              navigate={[Function]}
                            >
                              <a
                                className="device-list-item"
                                href="/some-url/some-other-device-id"
                                onClick={[Function]}
                              >
                                <span>
                                  some-other-device-id
                                </span>
                                <span>
                                  some-parent-id
                                </span>
                              </a>
                            </LinkAnchor>
                          </Link>
                        </div>
                      </div>
                    </div>
                  </div>
                </styled.div>
              </div>
            </styled.div>
            <styled.div>
              <div
                className="sc-AxirZ capdIT"
              >
                <styled.div>
                  <div
                    className="sc-AxiKw hYfNUb"
                  >
                    THIS IS A CARD
                  </div>
                </styled.div>
              </div>
            </styled.div>
          </section>
        </styled.section>
      </div>
    </DeviceDashboard>
  </Router>
</StaticRouter>
`;
